Archive member included to satisfy reference by file (symbol)

c:/st/stm32cubeide_1.12.0/stm32cubeide/plugins/com.st.stm32cube.ide.mcu.externaltools.gnu-tools-for-stm32.10.3-2021.10.win32_1.0.200.202301161003/tools/bin/../lib/gcc/arm-none-eabi/10.3.1/../../../../arm-none-eabi/lib/thumb/v7e-m+fp/hard\libc_nano.a(lib_a-errno.o)
                              ./Core/Src/syscalls.o (__errno)
c:/st/stm32cubeide_1.12.0/stm32cubeide/plugins/com.st.stm32cube.ide.mcu.externaltools.gnu-tools-for-stm32.10.3-2021.10.win32_1.0.200.202301161003/tools/bin/../lib/gcc/arm-none-eabi/10.3.1/../../../../arm-none-eabi/lib/thumb/v7e-m+fp/hard\libc_nano.a(lib_a-exit.o)
                              c:/st/stm32cubeide_1.12.0/stm32cubeide/plugins/com.st.stm32cube.ide.mcu.externaltools.gnu-tools-for-stm32.10.3-2021.10.win32_1.0.200.202301161003/tools/bin/../lib/gcc/arm-none-eabi/10.3.1/../../../../arm-none-eabi/lib/thumb/v7e-m+fp/hard/crt0.o (exit)
c:/st/stm32cubeide_1.12.0/stm32cubeide/plugins/com.st.stm32cube.ide.mcu.externaltools.gnu-tools-for-stm32.10.3-2021.10.win32_1.0.200.202301161003/tools/bin/../lib/gcc/arm-none-eabi/10.3.1/../../../../arm-none-eabi/lib/thumb/v7e-m+fp/hard\libc_nano.a(lib_a-impure.o)
                              c:/st/stm32cubeide_1.12.0/stm32cubeide/plugins/com.st.stm32cube.ide.mcu.externaltools.gnu-tools-for-stm32.10.3-2021.10.win32_1.0.200.202301161003/tools/bin/../lib/gcc/arm-none-eabi/10.3.1/../../../../arm-none-eabi/lib/thumb/v7e-m+fp/hard\libc_nano.a(lib_a-exit.o) (_global_impure_ptr)
c:/st/stm32cubeide_1.12.0/stm32cubeide/plugins/com.st.stm32cube.ide.mcu.externaltools.gnu-tools-for-stm32.10.3-2021.10.win32_1.0.200.202301161003/tools/bin/../lib/gcc/arm-none-eabi/10.3.1/../../../../arm-none-eabi/lib/thumb/v7e-m+fp/hard\libc_nano.a(lib_a-init.o)
                              c:/st/stm32cubeide_1.12.0/stm32cubeide/plugins/com.st.stm32cube.ide.mcu.externaltools.gnu-tools-for-stm32.10.3-2021.10.win32_1.0.200.202301161003/tools/bin/../lib/gcc/arm-none-eabi/10.3.1/../../../../arm-none-eabi/lib/thumb/v7e-m+fp/hard/crt0.o (__libc_init_array)
c:/st/stm32cubeide_1.12.0/stm32cubeide/plugins/com.st.stm32cube.ide.mcu.externaltools.gnu-tools-for-stm32.10.3-2021.10.win32_1.0.200.202301161003/tools/bin/../lib/gcc/arm-none-eabi/10.3.1/../../../../arm-none-eabi/lib/thumb/v7e-m+fp/hard\libc_nano.a(lib_a-memset.o)
                              c:/st/stm32cubeide_1.12.0/stm32cubeide/plugins/com.st.stm32cube.ide.mcu.externaltools.gnu-tools-for-stm32.10.3-2021.10.win32_1.0.200.202301161003/tools/bin/../lib/gcc/arm-none-eabi/10.3.1/../../../../arm-none-eabi/lib/thumb/v7e-m+fp/hard/crt0.o (memset)
c:/st/stm32cubeide_1.12.0/stm32cubeide/plugins/com.st.stm32cube.ide.mcu.externaltools.gnu-tools-for-stm32.10.3-2021.10.win32_1.0.200.202301161003/tools/bin/../lib/gcc/arm-none-eabi/10.3.1/../../../../arm-none-eabi/lib/thumb/v7e-m+fp/hard\libc_nano.a(lib_a-strlen.o)
                              ./Core/Src/main.o (strlen)
c:/st/stm32cubeide_1.12.0/stm32cubeide/plugins/com.st.stm32cube.ide.mcu.externaltools.gnu-tools-for-stm32.10.3-2021.10.win32_1.0.200.202301161003/tools/bin/../lib/gcc/arm-none-eabi/10.3.1/thumb/v7e-m+fp/hard\libgcc.a(_aeabi_uldivmod.o)
                              ./Drivers/STM32F4xx_HAL_Driver/Src/stm32f4xx_hal_rcc.o (__aeabi_uldivmod)
c:/st/stm32cubeide_1.12.0/stm32cubeide/plugins/com.st.stm32cube.ide.mcu.externaltools.gnu-tools-for-stm32.10.3-2021.10.win32_1.0.200.202301161003/tools/bin/../lib/gcc/arm-none-eabi/10.3.1/thumb/v7e-m+fp/hard\libgcc.a(_udivmoddi4.o)
                              c:/st/stm32cubeide_1.12.0/stm32cubeide/plugins/com.st.stm32cube.ide.mcu.externaltools.gnu-tools-for-stm32.10.3-2021.10.win32_1.0.200.202301161003/tools/bin/../lib/gcc/arm-none-eabi/10.3.1/thumb/v7e-m+fp/hard\libgcc.a(_aeabi_uldivmod.o) (__udivmoddi4)
c:/st/stm32cubeide_1.12.0/stm32cubeide/plugins/com.st.stm32cube.ide.mcu.externaltools.gnu-tools-for-stm32.10.3-2021.10.win32_1.0.200.202301161003/tools/bin/../lib/gcc/arm-none-eabi/10.3.1/thumb/v7e-m+fp/hard\libgcc.a(_dvmd_tls.o)
                              c:/st/stm32cubeide_1.12.0/stm32cubeide/plugins/com.st.stm32cube.ide.mcu.externaltools.gnu-tools-for-stm32.10.3-2021.10.win32_1.0.200.202301161003/tools/bin/../lib/gcc/arm-none-eabi/10.3.1/thumb/v7e-m+fp/hard\libgcc.a(_aeabi_uldivmod.o) (__aeabi_ldiv0)

Discarded input sections

 .text          0x0000000000000000        0x0 c:/st/stm32cubeide_1.12.0/stm32cubeide/plugins/com.st.stm32cube.ide.mcu.externaltools.gnu-tools-for-stm32.10.3-2021.10.win32_1.0.200.202301161003/tools/bin/../lib/gcc/arm-none-eabi/10.3.1/thumb/v7e-m+fp/hard/crti.o
 .data          0x0000000000000000        0x0 c:/st/stm32cubeide_1.12.0/stm32cubeide/plugins/com.st.stm32cube.ide.mcu.externaltools.gnu-tools-for-stm32.10.3-2021.10.win32_1.0.200.202301161003/tools/bin/../lib/gcc/arm-none-eabi/10.3.1/thumb/v7e-m+fp/hard/crti.o
[...]
Memory Configuration

Name             Origin             Length             Attributes
CCMRAM           0x0000000010000000 0x0000000000010000 xrw
RAM              0x0000000020000000 0x0000000000020000 xrw
FLASH            0x0000000008000000 0x0000000000100000 xr
*default*        0x0000000000000000 0xffffffffffffffff

Linker script and memory map

LOAD c:/st/stm32cubeide_1.12.0/stm32cubeide/plugins/com.st.stm32cube.ide.mcu.externaltools.gnu-tools-for-stm32.10.3-2021.10.win32_1.0.200.202301161003/tools/bin/../lib/gcc/arm-none-eabi/10.3.1/thumb/v7e-m+fp/hard/crti.o
LOAD c:/st/stm32cubeide_1.12.0/stm32cubeide/plugins/com.st.stm32cube.ide.mcu.externaltools.gnu-tools-for-stm32.10.3-2021.10.win32_1.0.200.202301161003/tools/bin/../lib/gcc/arm-none-eabi/10.3.1/thumb/v7e-m+fp/hard/crtbegin.o
LOAD c:/st/stm32cubeide_1.12.0/stm32cubeide/plugins/com.st.stm32cube.ide.mcu.externaltools.gnu-tools-for-stm32.10.3-2021.10.win32_1.0.200.202301161003/tools/bin/../lib/gcc/arm-none-eabi/10.3.1/../../../../arm-none-eabi/lib/thumb/v7e-m+fp/hard/crt0.o
LOAD ./Core/Src/main.o
LOAD ./Core/Src/stm32f4xx_hal_msp.o
LOAD ./Core/Src/stm32f4xx_it.o
LOAD ./Core/Src/syscalls.o
LOAD ./Core/Src/sysmem.o
LOAD ./Core/Src/system_stm32f4xx.o
LOAD ./Core/Src/usb_device.o
LOAD ./Core/Src/usbd_cdc_if.o
LOAD ./Core/Src/usbd_desc.o
LOAD ./Core/Startup/startup_stm32f407vgtx.o
LOAD ./Drivers/STM32F4xx_HAL_Driver/Src/stm32f4xx_hal.o
LOAD ./Drivers/STM32F4xx_HAL_Driver/Src/stm32f4xx_hal_cortex.o
LOAD ./Drivers/STM32F4xx_HAL_Driver/Src/stm32f4xx_hal_dma.o
LOAD ./Drivers/STM32F4xx_HAL_Driver/Src/stm32f4xx_hal_dma_ex.o
LOAD ./Drivers/STM32F4xx_HAL_Driver/Src/stm32f4xx_hal_exti.o
LOAD ./Drivers/STM32F4xx_HAL_Driver/Src/stm32f4xx_hal_flash.o
LOAD ./Drivers/STM32F4xx_HAL_Driver/Src/stm32f4xx_hal_flash_ex.o
LOAD ./Drivers/STM32F4xx_HAL_Driver/Src/stm32f4xx_hal_flash_ramfunc.o
LOAD ./Drivers/STM32F4xx_HAL_Driver/Src/stm32f4xx_hal_gpio.o
LOAD ./Drivers/STM32F4xx_HAL_Driver/Src/stm32f4xx_hal_pwr.o
LOAD ./Drivers/STM32F4xx_HAL_Driver/Src/stm32f4xx_hal_pwr_ex.o
LOAD ./Drivers/STM32F4xx_HAL_Driver/Src/stm32f4xx_hal_rcc.o
LOAD ./Drivers/STM32F4xx_HAL_Driver/Src/stm32f4xx_hal_rcc_ex.o
START GROUP
LOAD c:/st/stm32cubeide_1.12.0/stm32cubeide/plugins/com.st.stm32cube.ide.mcu.externaltools.gnu-tools-for-stm32.10.3-2021.10.win32_1.0.200.202301161003/tools/bin/../lib/gcc/arm-none-eabi/10.3.1/../../../../arm-none-eabi/lib/thumb/v7e-m+fp/hard\libc_nano.a
LOAD c:/st/stm32cubeide_1.12.0/stm32cubeide/plugins/com.st.stm32cube.ide.mcu.externaltools.gnu-tools-for-stm32.10.3-2021.10.win32_1.0.200.202301161003/tools/bin/../lib/gcc/arm-none-eabi/10.3.1/../../../../arm-none-eabi/lib/thumb/v7e-m+fp/hard\libm.a
END GROUP
START GROUP
LOAD c:/st/stm32cubeide_1.12.0/stm32cubeide/plugins/com.st.stm32cube.ide.mcu.externaltools.gnu-tools-for-stm32.10.3-2021.10.win32_1.0.200.202301161003/tools/bin/../lib/gcc/arm-none-eabi/10.3.1/thumb/v7e-m+fp/hard\libgcc.a
LOAD c:/st/stm32cubeide_1.12.0/stm32cubeide/plugins/com.st.stm32cube.ide.mcu.externaltools.gnu-tools-for-stm32.10.3-2021.10.win32_1.0.200.202301161003/tools/bin/../lib/gcc/arm-none-eabi/10.3.1/../../../../arm-none-eabi/lib/thumb/v7e-m+fp/hard\libc_nano.a
END GROUP
START GROUP
LOAD c:/st/stm32cubeide_1.12.0/stm32cubeide/plugins/com.st.stm32cube.ide.mcu.externaltools.gnu-tools-for-stm32.10.3-2021.10.win32_1.0.200.202301161003/tools/bin/../lib/gcc/arm-none-eabi/10.3.1/thumb/v7e-m+fp/hard\libgcc.a
LOAD c:/st/stm32cubeide_1.12.0/stm32cubeide/plugins/com.st.stm32cube.ide.mcu.externaltools.gnu-tools-for-stm32.10.3-2021.10.win32_1.0.200.202301161003/tools/bin/../lib/gcc/arm-none-eabi/10.3.1/../../../../arm-none-eabi/lib/thumb/v7e-m+fp/hard\libc_nano.a
LOAD c:/st/stm32cubeide_1.12.0/stm32cubeide/plugins/com.st.stm32cube.ide.mcu.externaltools.gnu-tools-for-stm32.10.3-2021.10.win32_1.0.200.202301161003/tools/bin/../lib/gcc/arm-none-eabi/10.3.1/../../../../arm-none-eabi/lib/thumb/v7e-m+fp/hard\libnosys.a
END GROUP
START GROUP
LOAD c:/st/stm32cubeide_1.12.0/stm32cubeide/plugins/com.st.stm32cube.ide.mcu.externaltools.gnu-tools-for-stm32.10.3-2021.10.win32_1.0.200.202301161003/tools/bin/../lib/gcc/arm-none-eabi/10.3.1/thumb/v7e-m+fp/hard\libgcc.a
LOAD c:/st/stm32cubeide_1.12.0/stm32cubeide/plugins/com.st.stm32cube.ide.mcu.externaltools.gnu-tools-for-stm32.10.3-2021.10.win32_1.0.200.202301161003/tools/bin/../lib/gcc/arm-none-eabi/10.3.1/../../../../arm-none-eabi/lib/thumb/v7e-m+fp/hard\libc_nano.a
LOAD c:/st/stm32cubeide_1.12.0/stm32cubeide/plugins/com.st.stm32cube.ide.mcu.externaltools.gnu-tools-for-stm32.10.3-2021.10.win32_1.0.200.202301161003/tools/bin/../lib/gcc/arm-none-eabi/10.3.1/../../../../arm-none-eabi/lib/thumb/v7e-m+fp/hard\libnosys.a
END GROUP
LOAD c:/st/stm32cubeide_1.12.0/stm32cubeide/plugins/com.st.stm32cube.ide.mcu.externaltools.gnu-tools-for-stm32.10.3-2021.10.win32_1.0.200.202301161003/tools/bin/../lib/gcc/arm-none-eabi/10.3.1/thumb/v7e-m+fp/hard/crtend.o
LOAD c:/st/stm32cubeide_1.12.0/stm32cubeide/plugins/com.st.stm32cube.ide.mcu.externaltools.gnu-tools-for-stm32.10.3-2021.10.win32_1.0.200.202301161003/tools/bin/../lib/gcc/arm-none-eabi/10.3.1/thumb/v7e-m+fp/hard/crtn.o
                0x0000000020020000                _estack = (ORIGIN (RAM) + LENGTH (RAM))
                0x0000000000000200                _Min_Heap_Size = 0x200
                0x0000000000000400                _Min_Stack_Size = 0x400

.isr_vector     0x0000000008000000      0x188
                0x0000000008000000                . = ALIGN (0x4)
 *(.isr_vector)
 .isr_vector    0x0000000008000000      0x188 ./Core/Startup/startup_stm32f407vgtx.o
                0x0000000008000000                g_pfnVectors
                0x0000000008000188                . = ALIGN (0x4)

.text           0x0000000008000188      0x818
                0x0000000008000188                . = ALIGN (0x4)
 *(.text)
 .text          0x0000000008000188       0x40 c:/st/stm32cubeide_1.12.0/stm32cubeide/plugins/com.st.stm32cube.ide.mcu.externaltools.gnu-tools-for-stm32.10.3-2021.10.win32_1.0.200.202301161003/tools/bin/../lib/gcc/arm-none-eabi/10.3.1/thumb/v7e-m+fp/hard/crtbegin.o
 .text          0x00000000080001c8       0x10 c:/st/stm32cubeide_1.12.0/stm32cubeide/plugins/com.st.stm32cube.ide.mcu.externaltools.gnu-tools-for-stm32.10.3-2021.10.win32_1.0.200.202301161003/tools/bin/../lib/gcc/arm-none-eabi/10.3.1/../../../../arm-none-eabi/lib/thumb/v7e-m+fp/hard\libc_nano.a(lib_a-strlen.o)
                0x00000000080001c8                strlen
 *(.text*)
 .text.main     0x00000000080001d8       0x4c ./Core/Src/main.o
                0x00000000080001d8                main
 .text.UpdateOutput
                0x0000000008000224       0xb0 ./Core/Src/main.o
                0x0000000008000224                UpdateOutput
 .text.HAL_MspInit
                0x00000000080002d4       0x50 ./Core/Src/stm32f4xx_hal_msp.o
                0x00000000080002d4                HAL_MspInit
 .text.NMI_Handler
                0x0000000008000324        0x6 ./Core/Src/stm32f4xx_it.o
                0x0000000008000324                NMI_Handler
 .text.HardFault_Handler
                0x000000000800032a        0x6 ./Core/Src/stm32f4xx_it.o
                0x000000000800032a                HardFault_Handler
 .text.MemManage_Handler
                0x0000000008000330        0x6 ./Core/Src/stm32f4xx_it.o
                0x0000000008000330                MemManage_Handler
 .text.BusFault_Handler
                0x0000000008000336        0x6 ./Core/Src/stm32f4xx_it.o
                0x0000000008000336                BusFault_Handler
 .text.UsageFault_Handler
                0x000000000800033c        0x6 ./Core/Src/stm32f4xx_it.o
                0x000000000800033c                UsageFault_Handler
 .text.SVC_Handler
                0x0000000008000342        0xe ./Core/Src/stm32f4xx_it.o
                0x0000000008000342                SVC_Handler
 .text.DebugMon_Handler
                0x0000000008000350        0xe ./Core/Src/stm32f4xx_it.o
                0x0000000008000350                DebugMon_Handler
 .text.PendSV_Handler
                0x000000000800035e        0xe ./Core/Src/stm32f4xx_it.o
                0x000000000800035e                PendSV_Handler
 .text.SysTick_Handler
                0x000000000800036c        0xc ./Core/Src/stm32f4xx_it.o
                0x000000000800036c                SysTick_Handler
 .text.SystemInit
                0x0000000008000378       0x24 ./Core/Src/system_stm32f4xx.o
                0x0000000008000378                SystemInit
 .text.MX_USB_DEVICE_Init
                0x000000000800039c       0x4c ./Core/Src/usb_device.o
                0x000000000800039c                MX_USB_DEVICE_Init
 .text.CDC_Transmit_FS
                0x00000000080003e8       0x4c ./Core/Src/usbd_cdc_if.o
                0x00000000080003e8                CDC_Transmit_FS
 .text.USBD_FS_DeviceDescriptor
                0x0000000008000434       0x24 ./Core/Src/usbd_desc.o
                0x0000000008000434                USBD_FS_DeviceDescriptor
 .text.USBD_FS_LangIDStrDescriptor
                0x0000000008000458       0x24 ./Core/Src/usbd_desc.o
                0x0000000008000458                USBD_FS_LangIDStrDescriptor
 .text.USBD_FS_ProductStrDescriptor
                0x000000000800047c       0x3c ./Core/Src/usbd_desc.o
                0x000000000800047c                USBD_FS_ProductStrDescriptor
 .text.USBD_FS_ManufacturerStrDescriptor
                0x00000000080004b8       0x28 ./Core/Src/usbd_desc.o
                0x00000000080004b8                USBD_FS_ManufacturerStrDescriptor
 .text.USBD_FS_SerialStrDescriptor
                0x00000000080004e0       0x24 ./Core/Src/usbd_desc.o
                0x00000000080004e0                USBD_FS_SerialStrDescriptor
 .text.USBD_FS_ConfigStrDescriptor
                0x0000000008000504       0x3c ./Core/Src/usbd_desc.o
                0x0000000008000504                USBD_FS_ConfigStrDescriptor
 .text.USBD_FS_InterfaceStrDescriptor
                0x0000000008000540       0x3c ./Core/Src/usbd_desc.o
                0x0000000008000540                USBD_FS_InterfaceStrDescriptor
 .text.Get_SerialNum
                0x000000000800057c       0x58 ./Core/Src/usbd_desc.o
 .text.IntToUnicode
                0x00000000080005d4       0x7e ./Core/Src/usbd_desc.o
 *fill*         0x0000000008000652        0x2 
 .text.Reset_Handler
                0x0000000008000654       0x50 ./Core/Startup/startup_stm32f407vgtx.o
                0x0000000008000654                Reset_Handler
 .text.Default_Handler
                0x00000000080006a4        0x2 ./Core/Startup/startup_stm32f407vgtx.o
                0x00000000080006a4                RTC_Alarm_IRQHandler
                0x00000000080006a4                HASH_RNG_IRQHandler
                0x00000000080006a4                EXTI2_IRQHandler
                0x00000000080006a4                TIM8_CC_IRQHandler
                0x00000000080006a4                TIM1_CC_IRQHandler
                0x00000000080006a4                DMA2_Stream5_IRQHandler
                0x00000000080006a4                DMA1_Stream5_IRQHandler
                0x00000000080006a4                PVD_IRQHandler
                0x00000000080006a4                SDIO_IRQHandler
                0x00000000080006a4                TAMP_STAMP_IRQHandler
                0x00000000080006a4                CAN2_RX1_IRQHandler
                0x00000000080006a4                EXTI3_IRQHandler
                0x00000000080006a4                TIM8_TRG_COM_TIM14_IRQHandler
                0x00000000080006a4                TIM1_UP_TIM10_IRQHandler
                0x00000000080006a4                TIM8_UP_TIM13_IRQHandler
                0x00000000080006a4                I2C3_ER_IRQHandler
                0x00000000080006a4                EXTI0_IRQHandler
                0x00000000080006a4                I2C2_EV_IRQHandler
                0x00000000080006a4                DMA1_Stream2_IRQHandler
                0x00000000080006a4                CAN1_RX0_IRQHandler
                0x00000000080006a4                FPU_IRQHandler
                0x00000000080006a4                OTG_HS_WKUP_IRQHandler
                0x00000000080006a4                CAN2_SCE_IRQHandler
                0x00000000080006a4                DMA2_Stream2_IRQHandler
                0x00000000080006a4                SPI1_IRQHandler
                0x00000000080006a4                TIM6_DAC_IRQHandler
                0x00000000080006a4                TIM1_BRK_TIM9_IRQHandler
                0x00000000080006a4                DCMI_IRQHandler
                0x00000000080006a4                CAN2_RX0_IRQHandler
                0x00000000080006a4                DMA2_Stream3_IRQHandler
                0x00000000080006a4                USART6_IRQHandler
                0x00000000080006a4                USART3_IRQHandler
                0x00000000080006a4                CAN1_RX1_IRQHandler
                0x00000000080006a4                UART5_IRQHandler
                0x00000000080006a4                DMA2_Stream0_IRQHandler
                0x00000000080006a4                TIM4_IRQHandler
                0x00000000080006a4                I2C1_EV_IRQHandler
                0x00000000080006a4                DMA1_Stream6_IRQHandler
                0x00000000080006a4                DMA1_Stream1_IRQHandler
                0x00000000080006a4                UART4_IRQHandler
                0x00000000080006a4                TIM3_IRQHandler
                0x00000000080006a4                RCC_IRQHandler
                0x00000000080006a4                TIM8_BRK_TIM12_IRQHandler
                0x00000000080006a4                Default_Handler
                0x00000000080006a4                EXTI15_10_IRQHandler
                0x00000000080006a4                ADC_IRQHandler
                0x00000000080006a4                DMA1_Stream7_IRQHandler
                0x00000000080006a4                TIM7_IRQHandler
                0x00000000080006a4                CAN2_TX_IRQHandler
                0x00000000080006a4                TIM5_IRQHandler
                0x00000000080006a4                DMA2_Stream7_IRQHandler
                0x00000000080006a4                I2C3_EV_IRQHandler
                0x00000000080006a4                EXTI9_5_IRQHandler
                0x00000000080006a4                RTC_WKUP_IRQHandler
                0x00000000080006a4                ETH_WKUP_IRQHandler
                0x00000000080006a4                SPI2_IRQHandler
                0x00000000080006a4                OTG_HS_EP1_IN_IRQHandler
                0x00000000080006a4                DMA1_Stream0_IRQHandler
                0x00000000080006a4                CAN1_TX_IRQHandler
                0x00000000080006a4                EXTI4_IRQHandler
                0x00000000080006a4                FSMC_IRQHandler
                0x00000000080006a4                ETH_IRQHandler
                0x00000000080006a4                OTG_HS_EP1_OUT_IRQHandler
                0x00000000080006a4                WWDG_IRQHandler
                0x00000000080006a4                TIM2_IRQHandler
                0x00000000080006a4                OTG_FS_WKUP_IRQHandler
                0x00000000080006a4                TIM1_TRG_COM_TIM11_IRQHandler
                0x00000000080006a4                OTG_HS_IRQHandler
                0x00000000080006a4                EXTI1_IRQHandler
                0x00000000080006a4                USART2_IRQHandler
                0x00000000080006a4                I2C2_ER_IRQHandler
                0x00000000080006a4                DMA2_Stream1_IRQHandler
                0x00000000080006a4                CAN1_SCE_IRQHandler
                0x00000000080006a4                FLASH_IRQHandler
                0x00000000080006a4                DMA2_Stream4_IRQHandler
                0x00000000080006a4                USART1_IRQHandler
                0x00000000080006a4                OTG_FS_IRQHandler
                0x00000000080006a4                SPI3_IRQHandler
                0x00000000080006a4                DMA1_Stream4_IRQHandler
                0x00000000080006a4                I2C1_ER_IRQHandler
                0x00000000080006a4                DMA2_Stream6_IRQHandler
                0x00000000080006a4                DMA1_Stream3_IRQHandler
 *fill*         0x00000000080006a6        0x2 
 .text.HAL_Init
                0x00000000080006a8       0x44 ./Drivers/STM32F4xx_HAL_Driver/Src/stm32f4xx_hal.o
                0x00000000080006a8                HAL_Init
 .text.HAL_InitTick
                0x00000000080006ec       0x60 ./Drivers/STM32F4xx_HAL_Driver/Src/stm32f4xx_hal.o
                0x00000000080006ec                HAL_InitTick
 .text.HAL_IncTick
                0x000000000800074c       0x28 ./Drivers/STM32F4xx_HAL_Driver/Src/stm32f4xx_hal.o
                0x000000000800074c                HAL_IncTick
 .text.__NVIC_SetPriorityGrouping
                0x0000000008000774       0x48 ./Drivers/STM32F4xx_HAL_Driver/Src/stm32f4xx_hal_cortex.o
 .text.__NVIC_GetPriorityGrouping
                0x00000000080007bc       0x1c ./Drivers/STM32F4xx_HAL_Driver/Src/stm32f4xx_hal_cortex.o
 .text.__NVIC_SetPriority
                0x00000000080007d8       0x54 ./Drivers/STM32F4xx_HAL_Driver/Src/stm32f4xx_hal_cortex.o
 .text.NVIC_EncodePriority
                0x000000000800082c       0x66 ./Drivers/STM32F4xx_HAL_Driver/Src/stm32f4xx_hal_cortex.o
 *fill*         0x0000000008000892        0x2 
 .text.SysTick_Config
                0x0000000008000894       0x44 ./Drivers/STM32F4xx_HAL_Driver/Src/stm32f4xx_hal_cortex.o
 .text.HAL_NVIC_SetPriorityGrouping
                0x00000000080008d8       0x16 ./Drivers/STM32F4xx_HAL_Driver/Src/stm32f4xx_hal_cortex.o
                0x00000000080008d8                HAL_NVIC_SetPriorityGrouping
 .text.HAL_NVIC_SetPriority
                0x00000000080008ee       0x38 ./Drivers/STM32F4xx_HAL_Driver/Src/stm32f4xx_hal_cortex.o
                0x00000000080008ee                HAL_NVIC_SetPriority
 .text.HAL_SYSTICK_Config
                0x0000000008000926       0x18 ./Drivers/STM32F4xx_HAL_Driver/Src/stm32f4xx_hal_cortex.o
                0x0000000008000926                HAL_SYSTICK_Config
 *fill*         0x000000000800093e        0x2 
 .text.__libc_init_array
                0x0000000008000940       0x48 c:/st/stm32cubeide_1.12.0/stm32cubeide/plugins/com.st.stm32cube.ide.mcu.externaltools.gnu-tools-for-stm32.10.3-2021.10.win32_1.0.200.202301161003/tools/bin/../lib/gcc/arm-none-eabi/10.3.1/../../../../arm-none-eabi/lib/thumb/v7e-m+fp/hard\libc_nano.a(lib_a-init.o)
                0x0000000008000940                __libc_init_array
 *(.glue_7)
 .glue_7        0x0000000008000988        0x0 linker stubs
 *(.glue_7t)
 .glue_7t       0x0000000008000988        0x0 linker stubs
 *(.eh_frame)
 .eh_frame      0x0000000008000988        0x0 c:/st/stm32cubeide_1.12.0/stm32cubeide/plugins/com.st.stm32cube.ide.mcu.externaltools.gnu-tools-for-stm32.10.3-2021.10.win32_1.0.200.202301161003/tools/bin/../lib/gcc/arm-none-eabi/10.3.1/thumb/v7e-m+fp/hard/crtbegin.o
 *(.init)
 .init          0x0000000008000988        0x4 c:/st/stm32cubeide_1.12.0/stm32cubeide/plugins/com.st.stm32cube.ide.mcu.externaltools.gnu-tools-for-stm32.10.3-2021.10.win32_1.0.200.202301161003/tools/bin/../lib/gcc/arm-none-eabi/10.3.1/thumb/v7e-m+fp/hard/crti.o
                0x0000000008000988                _init
 .init          0x000000000800098c        0x8 c:/st/stm32cubeide_1.12.0/stm32cubeide/plugins/com.st.stm32cube.ide.mcu.externaltools.gnu-tools-for-stm32.10.3-2021.10.win32_1.0.200.202301161003/tools/bin/../lib/gcc/arm-none-eabi/10.3.1/thumb/v7e-m+fp/hard/crtn.o
 *(.fini)
 .fini          0x0000000008000994        0x4 c:/st/stm32cubeide_1.12.0/stm32cubeide/plugins/com.st.stm32cube.ide.mcu.externaltools.gnu-tools-for-stm32.10.3-2021.10.win32_1.0.200.202301161003/tools/bin/../lib/gcc/arm-none-eabi/10.3.1/thumb/v7e-m+fp/hard/crti.o
                0x0000000008000994                _fini
 .fini          0x0000000008000998        0x8 c:/st/stm32cubeide_1.12.0/stm32cubeide/plugins/com.st.stm32cube.ide.mcu.externaltools.gnu-tools-for-stm32.10.3-2021.10.win32_1.0.200.202301161003/tools/bin/../lib/gcc/arm-none-eabi/10.3.1/thumb/v7e-m+fp/hard/crtn.o
                0x00000000080009a0                . = ALIGN (0x4)
                0x00000000080009a0                _etext = .

.vfp11_veneer   0x00000000080009a0        0x0
 .vfp11_veneer  0x00000000080009a0        0x0 linker stubs

.v4_bx          0x00000000080009a0        0x0
 .v4_bx         0x00000000080009a0        0x0 linker stubs

.iplt           0x00000000080009a0        0x0
 .iplt          0x00000000080009a0        0x0 c:/st/stm32cubeide_1.12.0/stm32cubeide/plugins/com.st.stm32cube.ide.mcu.externaltools.gnu-tools-for-stm32.10.3-2021.10.win32_1.0.200.202301161003/tools/bin/../lib/gcc/arm-none-eabi/10.3.1/thumb/v7e-m+fp/hard/crtbegin.o

.rodata         0x00000000080009a0       0x48
                0x00000000080009a0                . = ALIGN (0x4)
 *(.rodata)
 .rodata        0x00000000080009a0       0x46 ./Core/Src/usbd_desc.o
 *(.rodata*)
                0x00000000080009e8                . = ALIGN (0x4)
 *fill*         0x00000000080009e6        0x2 

.rel.dyn        0x00000000080009e8        0x0
 .rel.iplt      0x00000000080009e8        0x0 c:/st/stm32cubeide_1.12.0/stm32cubeide/plugins/com.st.stm32cube.ide.mcu.externaltools.gnu-tools-for-stm32.10.3-2021.10.win32_1.0.200.202301161003/tools/bin/../lib/gcc/arm-none-eabi/10.3.1/thumb/v7e-m+fp/hard/crtbegin.o

.ARM.extab      0x00000000080009e8        0x0
                0x00000000080009e8                . = ALIGN (0x4)
 *(.ARM.extab* .gnu.linkonce.armextab.*)
                0x00000000080009e8                . = ALIGN (0x4)

.ARM            0x00000000080009e8        0x0
                0x00000000080009e8                . = ALIGN (0x4)
                0x00000000080009e8                __exidx_start = .
 *(.ARM.exidx*)
                0x00000000080009e8                __exidx_end = .
                0x00000000080009e8                . = ALIGN (0x4)

.preinit_array  0x00000000080009e8        0x0
                0x00000000080009e8                . = ALIGN (0x4)
                0x00000000080009e8                PROVIDE (__preinit_array_start = .)
 *(.preinit_array*)
                0x00000000080009e8                PROVIDE (__preinit_array_end = .)
                0x00000000080009e8                . = ALIGN (0x4)

.init_array     0x00000000080009e8        0x4
                0x00000000080009e8                . = ALIGN (0x4)
                0x00000000080009e8                PROVIDE (__init_array_start = .)
 *(SORT_BY_NAME(.init_array.*))
 *(.init_array*)
 .init_array    0x00000000080009e8        0x4 c:/st/stm32cubeide_1.12.0/stm32cubeide/plugins/com.st.stm32cube.ide.mcu.externaltools.gnu-tools-for-stm32.10.3-2021.10.win32_1.0.200.202301161003/tools/bin/../lib/gcc/arm-none-eabi/10.3.1/thumb/v7e-m+fp/hard/crtbegin.o
                0x00000000080009ec                PROVIDE (__init_array_end = .)
                0x00000000080009ec                . = ALIGN (0x4)

.fini_array     0x00000000080009ec        0x4
                0x00000000080009ec                . = ALIGN (0x4)
                [!provide]                        PROVIDE (__fini_array_start = .)
 *(SORT_BY_NAME(.fini_array.*))
 *(.fini_array*)
 .fini_array    0x00000000080009ec        0x4 c:/st/stm32cubeide_1.12.0/stm32cubeide/plugins/com.st.stm32cube.ide.mcu.externaltools.gnu-tools-for-stm32.10.3-2021.10.win32_1.0.200.202301161003/tools/bin/../lib/gcc/arm-none-eabi/10.3.1/thumb/v7e-m+fp/hard/crtbegin.o
                [!provide]                        PROVIDE (__fini_array_end = .)
                0x00000000080009f0                . = ALIGN (0x4)
                0x00000000080009f0                _sidata = LOADADDR (.data)

.data           0x0000000020000000       0x5c load address 0x00000000080009f0
                0x0000000020000000                . = ALIGN (0x4)
                0x0000000020000000                _sdata = .
 *(.data)
 *(.data*)
 .data.SystemCoreClock
                0x0000000020000000        0x4 ./Core/Src/system_stm32f4xx.o
                0x0000000020000000                SystemCoreClock
 .data.FS_Desc  0x0000000020000004       0x1c ./Core/Src/usbd_desc.o
                0x0000000020000004                FS_Desc
 .data.USBD_FS_DeviceDesc
                0x0000000020000020       0x12 ./Core/Src/usbd_desc.o
                0x0000000020000020                USBD_FS_DeviceDesc
 *fill*         0x0000000020000032        0x2 
 .data.USBD_LangIDDesc
                0x0000000020000034        0x4 ./Core/Src/usbd_desc.o
                0x0000000020000034                USBD_LangIDDesc
 .data.USBD_StringSerial
                0x0000000020000038       0x1a ./Core/Src/usbd_desc.o
                0x0000000020000038                USBD_StringSerial
 *fill*         0x0000000020000052        0x2 
 .data.uwTickPrio
                0x0000000020000054        0x4 ./Drivers/STM32F4xx_HAL_Driver/Src/stm32f4xx_hal.o
                0x0000000020000054                uwTickPrio
 .data.uwTickFreq
                0x0000000020000058        0x1 ./Drivers/STM32F4xx_HAL_Driver/Src/stm32f4xx_hal.o
                0x0000000020000058                uwTickFreq
 *(.RamFunc)
 *(.RamFunc*)
                0x000000002000005c                . = ALIGN (0x4)
 *fill*         0x0000000020000059        0x3 
                0x000000002000005c                _edata = .
                0x0000000008000a4c                _siccmram = LOADADDR (.ccmram)

.igot.plt       0x000000002000005c        0x0 load address 0x0000000008000a4c
 .igot.plt      0x000000002000005c        0x0 c:/st/stm32cubeide_1.12.0/stm32cubeide/plugins/com.st.stm32cube.ide.mcu.externaltools.gnu-tools-for-stm32.10.3-2021.10.win32_1.0.200.202301161003/tools/bin/../lib/gcc/arm-none-eabi/10.3.1/thumb/v7e-m+fp/hard/crtbegin.o

.ccmram         0x0000000010000000        0x0 load address 0x0000000008000a4c
                0x0000000010000000                . = ALIGN (0x4)
                0x0000000010000000                _sccmram = .
 *(.ccmram)
 *(.ccmram*)
                0x0000000010000000                . = ALIGN (0x4)
                0x0000000010000000                _eccmram = .
                0x0000000010000000                . = ALIGN (0x4)

.bss            0x000000002000005c      0x4fc
                0x000000002000005c                _sbss = .
                0x000000002000005c                __bss_start__ = _sbss
 *(.bss)
 .bss           0x000000002000005c       0x1c c:/st/stm32cubeide_1.12.0/stm32cubeide/plugins/com.st.stm32cube.ide.mcu.externaltools.gnu-tools-for-stm32.10.3-2021.10.win32_1.0.200.202301161003/tools/bin/../lib/gcc/arm-none-eabi/10.3.1/thumb/v7e-m+fp/hard/crtbegin.o
 *(.bss*)
 .bss.weights   0x0000000020000078        0x8 ./Core/Src/main.o
                0x0000000020000078                weights
 .bss.bias      0x0000000020000080        0x4 ./Core/Src/main.o
                0x0000000020000080                bias
 .bss.hUsbDeviceFS
                0x0000000020000084      0x2d0 ./Core/Src/usb_device.o
                0x0000000020000084                hUsbDeviceFS
 .bss.USBD_StrDesc
                0x0000000020000354      0x200 ./Core/Src/usbd_desc.o
                0x0000000020000354                USBD_StrDesc
 .bss.uwTick    0x0000000020000554        0x4 ./Drivers/STM32F4xx_HAL_Driver/Src/stm32f4xx_hal.o
                0x0000000020000554                uwTick
 *(COMMON)
                0x0000000020000558                . = ALIGN (0x4)
                0x0000000020000558                _ebss = .
                0x0000000020000558                __bss_end__ = _ebss

._user_heap_stack
                0x0000000020000558      0x600
                0x0000000020000558                . = ALIGN (0x8)
                [!provide]                        PROVIDE (end = .)
                0x0000000020000558                PROVIDE (_end = .)
                0x0000000020000758                . = (. + _Min_Heap_Size)
 *fill*         0x0000000020000558      0x200 
                0x0000000020000b58                . = (. + _Min_Stack_Size)
 *fill*         0x0000000020000758      0x400 
                0x0000000020000b58                . = ALIGN (0x8)

/DISCARD/
 libc.a(*)
 libm.a(*)
 libgcc.a(*)

.ARM.attributes
                0x0000000000000000       0x30
 *(.ARM.attributes)
 .ARM.attributes
                0x0000000000000000       0x1e c:/st/stm32cubeide_1.12.0/stm32cubeide/plugins/com.st.stm32cube.ide.mcu.externaltools.gnu-tools-for-stm32.10.3-2021.10.win32_1.0.200.202301161003/tools/bin/../lib/gcc/arm-none-eabi/10.3.1/thumb/v7e-m+fp/hard/crti.o
 .ARM.attributes
                0x000000000000001e       0x34 c:/st/stm32cubeide_1.12.0/stm32cubeide/plugins/com.st.stm32cube.ide.mcu.externaltools.gnu-tools-for-stm32.10.3-2021.10.win32_1.0.200.202301161003/tools/bin/../lib/gcc/arm-none-eabi/10.3.1/thumb/v7e-m+fp/hard/crtbegin.o
 .ARM.attributes
                0x0000000000000052       0x34 ./Core/Src/main.o
 .ARM.attributes
                0x0000000000000086       0x34 ./Core/Src/stm32f4xx_hal_msp.o
 .ARM.attributes
                0x00000000000000ba       0x34 ./Core/Src/stm32f4xx_it.o
 .ARM.attributes
                0x00000000000000ee       0x34 ./Core/Src/system_stm32f4xx.o
 .ARM.attributes
                0x0000000000000122       0x34 ./Core/Src/usb_device.o
 .ARM.attributes
                0x0000000000000156       0x34 ./Core/Src/usbd_cdc_if.o
 .ARM.attributes
                0x000000000000018a       0x34 ./Core/Src/usbd_desc.o
 .ARM.attributes
                0x00000000000001be       0x21 ./Core/Startup/startup_stm32f407vgtx.o
 .ARM.attributes
                0x00000000000001df       0x34 ./Drivers/STM32F4xx_HAL_Driver/Src/stm32f4xx_hal.o
 .ARM.attributes
                0x0000000000000213       0x34 ./Drivers/STM32F4xx_HAL_Driver/Src/stm32f4xx_hal_cortex.o
 .ARM.attributes
                0x0000000000000247       0x34 c:/st/stm32cubeide_1.12.0/stm32cubeide/plugins/com.st.stm32cube.ide.mcu.externaltools.gnu-tools-for-stm32.10.3-2021.10.win32_1.0.200.202301161003/tools/bin/../lib/gcc/arm-none-eabi/10.3.1/../../../../arm-none-eabi/lib/thumb/v7e-m+fp/hard\libc_nano.a(lib_a-init.o)
 .ARM.attributes
                0x000000000000027b       0x17 c:/st/stm32cubeide_1.12.0/stm32cubeide/plugins/com.st.stm32cube.ide.mcu.externaltools.gnu-tools-for-stm32.10.3-2021.10.win32_1.0.200.202301161003/tools/bin/../lib/gcc/arm-none-eabi/10.3.1/../../../../arm-none-eabi/lib/thumb/v7e-m+fp/hard\libc_nano.a(lib_a-strlen.o)
 .ARM.attributes
                0x0000000000000292       0x1e c:/st/stm32cubeide_1.12.0/stm32cubeide/plugins/com.st.stm32cube.ide.mcu.externaltools.gnu-tools-for-stm32.10.3-2021.10.win32_1.0.200.202301161003/tools/bin/../lib/gcc/arm-none-eabi/10.3.1/thumb/v7e-m+fp/hard/crtn.o
OUTPUT(XOR_GATE_4.elf elf32-littlearm)
LOAD linker stubs
LOAD c:/st/stm32cubeide_1.12.0/stm32cubeide/plugins/com.st.stm32cube.ide.mcu.externaltools.gnu-tools-for-stm32.10.3-2021.10.win32_1.0.200.202301161003/tools/bin/../lib/gcc/arm-none-eabi/10.3.1/../../../../arm-none-eabi/lib/thumb/v7e-m+fp/hard\libc.a
LOAD c:/st/stm32cubeide_1.12.0/stm32cubeide/plugins/com.st.stm32cube.ide.mcu.externaltools.gnu-tools-for-stm32.10.3-2021.10.win32_1.0.200.202301161003/tools/bin/../lib/gcc/arm-none-eabi/10.3.1/../../../../arm-none-eabi/lib/thumb/v7e-m+fp/hard\libm.a
LOAD c:/st/stm32cubeide_1.12.0/stm32cubeide/plugins/com.st.stm32cube.ide.mcu.externaltools.gnu-tools-for-stm32.10.3-2021.10.win32_1.0.200.202301161003/tools/bin/../lib/gcc/arm-none-eabi/10.3.1/thumb/v7e-m+fp/hard\libgcc.a

.debug_info     0x0000000000000000     0x3bcc
 .debug_info    0x0000000000000000      0x703 ./Core/Src/main.o
 .debug_info    0x0000000000000703      0x2a8 ./Core/Src/stm32f4xx_hal_msp.o
 .debug_info    0x00000000000009ab      0x121 ./Core/Src/stm32f4xx_it.o
 .debug_info    0x0000000000000acc      0x523 ./Core/Src/system_stm32f4xx.o
 .debug_info    0x0000000000000fef      0x608 ./Core/Src/usb_device.o
 .debug_info    0x00000000000015f7      0x986 ./Core/Src/usbd_cdc_if.o
 .debug_info    0x0000000000001f7d      0x496 ./Core/Src/usbd_desc.o
 .debug_info    0x0000000000002413       0x22 ./Core/Startup/startup_stm32f407vgtx.o
 .debug_info    0x0000000000002435      0x97c ./Drivers/STM32F4xx_HAL_Driver/Src/stm32f4xx_hal.o
 .debug_info    0x0000000000002db1      0xe1b ./Drivers/STM32F4xx_HAL_Driver/Src/stm32f4xx_hal_cortex.o

.debug_abbrev   0x0000000000000000      0xfb3
 .debug_abbrev  0x0000000000000000      0x208 ./Core/Src/main.o
 .debug_abbrev  0x0000000000000208       0xd4 ./Core/Src/stm32f4xx_hal_msp.o
 .debug_abbrev  0x00000000000002dc       0x74 ./Core/Src/stm32f4xx_it.o
 .debug_abbrev  0x0000000000000350      0x116 ./Core/Src/system_stm32f4xx.o
 .debug_abbrev  0x0000000000000466      0x192 ./Core/Src/usb_device.o
 .debug_abbrev  0x00000000000005f8      0x2ac ./Core/Src/usbd_cdc_if.o
 .debug_abbrev  0x00000000000008a4      0x1da ./Core/Src/usbd_desc.o
 .debug_abbrev  0x0000000000000a7e       0x12 ./Core/Startup/startup_stm32f407vgtx.o
 .debug_abbrev  0x0000000000000a90      0x20d ./Drivers/STM32F4xx_HAL_Driver/Src/stm32f4xx_hal.o
 .debug_abbrev  0x0000000000000c9d      0x316 ./Drivers/STM32F4xx_HAL_Driver/Src/stm32f4xx_hal_cortex.o

.debug_aranges  0x0000000000000000      0x3d8
 .debug_aranges
                0x0000000000000000       0x30 ./Core/Src/main.o
 .debug_aranges
                0x0000000000000030       0x20 ./Core/Src/stm32f4xx_hal_msp.o
 .debug_aranges
                0x0000000000000050       0x60 ./Core/Src/stm32f4xx_it.o
 .debug_aranges
                0x00000000000000b0       0x28 ./Core/Src/system_stm32f4xx.o
 .debug_aranges
                0x00000000000000d8       0x20 ./Core/Src/usb_device.o
 .debug_aranges
                0x00000000000000f8       0x50 ./Core/Src/usbd_cdc_if.o
 .debug_aranges
                0x0000000000000148       0x60 ./Core/Src/usbd_desc.o
 .debug_aranges
                0x00000000000001a8       0x28 ./Core/Startup/startup_stm32f407vgtx.o
 .debug_aranges
                0x00000000000001d0       0xf0 ./Drivers/STM32F4xx_HAL_Driver/Src/stm32f4xx_hal.o
 .debug_aranges
                0x00000000000002c0      0x118 ./Drivers/STM32F4xx_HAL_Driver/Src/stm32f4xx_hal_cortex.o

.debug_ranges   0x0000000000000000      0x340
 .debug_ranges  0x0000000000000000       0x20 ./Core/Src/main.o
 .debug_ranges  0x0000000000000020       0x10 ./Core/Src/stm32f4xx_hal_msp.o
 .debug_ranges  0x0000000000000030       0x50 ./Core/Src/stm32f4xx_it.o
 .debug_ranges  0x0000000000000080       0x18 ./Core/Src/system_stm32f4xx.o
 .debug_ranges  0x0000000000000098       0x10 ./Core/Src/usb_device.o
 .debug_ranges  0x00000000000000a8       0x40 ./Core/Src/usbd_cdc_if.o
 .debug_ranges  0x00000000000000e8       0x50 ./Core/Src/usbd_desc.o
 .debug_ranges  0x0000000000000138       0x20 ./Core/Startup/startup_stm32f407vgtx.o
 .debug_ranges  0x0000000000000158       0xe0 ./Drivers/STM32F4xx_HAL_Driver/Src/stm32f4xx_hal.o
 .debug_ranges  0x0000000000000238      0x108 ./Drivers/STM32F4xx_HAL_Driver/Src/stm32f4xx_hal_cortex.o

.debug_macro    0x0000000000000000    0x20a41
 .debug_macro   0x0000000000000000      0x3f9 ./Core/Src/main.o
 .debug_macro   0x00000000000003f9      0xa78 ./Core/Src/main.o
 .debug_macro   0x0000000000000e71       0x2e ./Core/Src/main.o
 .debug_macro   0x0000000000000e9f       0x2f ./Core/Src/main.o
 .debug_macro   0x0000000000000ece       0x22 ./Core/Src/main.o
 .debug_macro   0x0000000000000ef0       0x8e ./Core/Src/main.o
 .debug_macro   0x0000000000000f7e       0x51 ./Core/Src/main.o
 .debug_macro   0x0000000000000fcf      0x103 ./Core/Src/main.o
 .debug_macro   0x00000000000010d2       0x6a ./Core/Src/main.o
 .debug_macro   0x000000000000113c      0x1df ./Core/Src/main.o
 .debug_macro   0x000000000000131b       0x1c ./Core/Src/main.o
 .debug_macro   0x0000000000001337       0x22 ./Core/Src/main.o
 .debug_macro   0x0000000000001359       0xd9 ./Core/Src/main.o
 .debug_macro   0x0000000000001432     0x102d ./Core/Src/main.o
 .debug_macro   0x000000000000245f      0x11f ./Core/Src/main.o
 .debug_macro   0x000000000000257e    0x15e82 ./Core/Src/main.o
 .debug_macro   0x0000000000018400       0x6d ./Core/Src/main.o
 .debug_macro   0x000000000001846d      0x28f ./Core/Src/main.o
 .debug_macro   0x00000000000186fc     0x367e ./Core/Src/main.o
 .debug_macro   0x000000000001bd7a      0x174 ./Core/Src/main.o
 .debug_macro   0x000000000001beee       0x5c ./Core/Src/main.o
 .debug_macro   0x000000000001bf4a      0x96b ./Core/Src/main.o
 .debug_macro   0x000000000001c8b5      0x9fe ./Core/Src/main.o
 .debug_macro   0x000000000001d2b3      0x115 ./Core/Src/main.o
 .debug_macro   0x000000000001d3c8      0x13e ./Core/Src/main.o
 .debug_macro   0x000000000001d506       0xa5 ./Core/Src/main.o
 .debug_macro   0x000000000001d5ab      0x174 ./Core/Src/main.o
 .debug_macro   0x000000000001d71f      0x287 ./Core/Src/main.o
 .debug_macro   0x000000000001d9a6       0x5f ./Core/Src/main.o
 .debug_macro   0x000000000001da05      0x236 ./Core/Src/main.o
 .debug_macro   0x000000000001dc3b      0x12c ./Core/Src/main.o
 .debug_macro   0x000000000001dd67      0x21e ./Core/Src/main.o
 .debug_macro   0x000000000001df85       0x2e ./Core/Src/main.o
 .debug_macro   0x000000000001dfb3      0x11a ./Core/Src/main.o
 .debug_macro   0x000000000001e0cd       0x7e ./Core/Src/main.o
 .debug_macro   0x000000000001e14b       0x89 ./Core/Src/main.o
 .debug_macro   0x000000000001e1d4      0x12d ./Core/Src/main.o
 .debug_macro   0x000000000001e301       0x52 ./Core/Src/main.o
 .debug_macro   0x000000000001e353       0x1e ./Core/Src/main.o
 .debug_macro   0x000000000001e371       0x3c ./Core/Src/main.o
 .debug_macro   0x000000000001e3ad       0x34 ./Core/Src/main.o
 .debug_macro   0x000000000001e3e1       0x16 ./Core/Src/main.o
 .debug_macro   0x000000000001e3f7       0x35 ./Core/Src/main.o
 .debug_macro   0x000000000001e42c      0x341 ./Core/Src/main.o
 .debug_macro   0x000000000001e76d       0x10 ./Core/Src/main.o
 .debug_macro   0x000000000001e77d       0x16 ./Core/Src/main.o
 .debug_macro   0x000000000001e793       0x43 ./Core/Src/main.o
 .debug_macro   0x000000000001e7d6       0x34 ./Core/Src/main.o
 .debug_macro   0x000000000001e80a       0x10 ./Core/Src/main.o
 .debug_macro   0x000000000001e81a       0x58 ./Core/Src/main.o
 .debug_macro   0x000000000001e872       0x71 ./Core/Src/main.o
 .debug_macro   0x000000000001e8e3       0x1c ./Core/Src/main.o
 .debug_macro   0x000000000001e8ff      0x12a ./Core/Src/main.o
 .debug_macro   0x000000000001ea29       0x10 ./Core/Src/main.o
 .debug_macro   0x000000000001ea39       0x1c ./Core/Src/main.o
 .debug_macro   0x000000000001ea55       0x52 ./Core/Src/main.o
 .debug_macro   0x000000000001eaa7       0x22 ./Core/Src/main.o
 .debug_macro   0x000000000001eac9       0x10 ./Core/Src/main.o
 .debug_macro   0x000000000001ead9       0x52 ./Core/Src/main.o
 .debug_macro   0x000000000001eb2b       0xd5 ./Core/Src/main.o
 .debug_macro   0x000000000001ec00       0x1c ./Core/Src/main.o
 .debug_macro   0x000000000001ec1c       0x3d ./Core/Src/main.o
 .debug_macro   0x000000000001ec59       0x16 ./Core/Src/main.o
 .debug_macro   0x000000000001ec6f      0x145 ./Core/Src/main.o
 .debug_macro   0x000000000001edb4       0x16 ./Core/Src/main.o
 .debug_macro   0x000000000001edca       0x16 ./Core/Src/main.o
 .debug_macro   0x000000000001ede0       0x29 ./Core/Src/main.o
 .debug_macro   0x000000000001ee09       0x16 ./Core/Src/main.o
 .debug_macro   0x000000000001ee1f       0x20 ./Core/Src/main.o
 .debug_macro   0x000000000001ee3f       0x6b ./Core/Src/main.o
 .debug_macro   0x000000000001eeaa      0x1ef ./Core/Src/main.o
 .debug_macro   0x000000000001f099       0x8f ./Core/Src/main.o
 .debug_macro   0x000000000001f128       0x10 ./Core/Src/main.o
 .debug_macro   0x000000000001f138      0x1ba ./Core/Src/stm32f4xx_hal_msp.o
 .debug_macro   0x000000000001f2f2      0x1c4 ./Core/Src/stm32f4xx_it.o
 .debug_macro   0x000000000001f4b6      0x1b0 ./Core/Src/system_stm32f4xx.o
 .debug_macro   0x000000000001f666      0x3df ./Core/Src/usb_device.o
 .debug_macro   0x000000000001fa45       0x22 ./Core/Src/usb_device.o
 .debug_macro   0x000000000001fa67       0x64 ./Core/Src/usb_device.o
 .debug_macro   0x000000000001facb      0x3df ./Core/Src/usbd_cdc_if.o
 .debug_macro   0x000000000001feaa       0x97 ./Core/Src/usbd_cdc_if.o
 .debug_macro   0x000000000001ff41       0xfd ./Core/Src/usbd_cdc_if.o
 .debug_macro   0x000000000002003e       0x56 ./Core/Src/usbd_cdc_if.o
 .debug_macro   0x0000000000020094      0x3f8 ./Core/Src/usbd_desc.o
 .debug_macro   0x000000000002048c      0x1f5 ./Core/Src/usbd_desc.o
 .debug_macro   0x0000000000020681      0x210 ./Drivers/STM32F4xx_HAL_Driver/Src/stm32f4xx_hal.o
 .debug_macro   0x0000000000020891      0x1b0 ./Drivers/STM32F4xx_HAL_Driver/Src/stm32f4xx_hal_cortex.o

.debug_line     0x0000000000000000     0x5110
 .debug_line    0x0000000000000000      0x991 ./Core/Src/main.o
 .debug_line    0x0000000000000991      0x64d ./Core/Src/stm32f4xx_hal_msp.o
 .debug_line    0x0000000000000fde      0x710 ./Core/Src/stm32f4xx_it.o
 .debug_line    0x00000000000016ee      0x6cf ./Core/Src/system_stm32f4xx.o
 .debug_line    0x0000000000001dbd      0x90d ./Core/Src/usb_device.o
 .debug_line    0x00000000000026ca      0xa21 ./Core/Src/usbd_cdc_if.o
 .debug_line    0x00000000000030eb      0xa2a ./Core/Src/usbd_desc.o
 .debug_line    0x0000000000003b15       0x88 ./Core/Startup/startup_stm32f407vgtx.o
 .debug_line    0x0000000000003b9d      0x962 ./Drivers/STM32F4xx_HAL_Driver/Src/stm32f4xx_hal.o
 .debug_line    0x00000000000044ff      0xc11 ./Drivers/STM32F4xx_HAL_Driver/Src/stm32f4xx_hal_cortex.o

.debug_str      0x0000000000000000    0xc0f3b
 .debug_str     0x0000000000000000    0xbf6d3 ./Core/Src/main.o
                                      0xbf994 (size before relaxing)
 .debug_str     0x00000000000bf6d3      0x12a ./Core/Src/stm32f4xx_hal_msp.o
                                      0xba9e0 (size before relaxing)
 .debug_str     0x00000000000bf7fd       0xc9 ./Core/Src/stm32f4xx_it.o
                                      0xba966 (size before relaxing)
 .debug_str     0x00000000000bf8c6       0xdb ./Core/Src/system_stm32f4xx.o
                                      0xbaa90 (size before relaxing)
 .debug_str     0x00000000000bf9a1      0x285 ./Core/Src/usb_device.o
                                      0xbf825 (size before relaxing)
 .debug_str     0x00000000000bfc26      0x1fc ./Core/Src/usbd_cdc_if.o
                                      0xbfae7 (size before relaxing)
 .debug_str     0x00000000000bfe22      0x277 ./Core/Src/usbd_desc.o
                                      0xbf5d3 (size before relaxing)
 .debug_str     0x00000000000c0099       0x36 ./Core/Startup/startup_stm32f407vgtx.o
                                         0x74 (size before relaxing)
 .debug_str     0x00000000000c00cf      0xafd ./Drivers/STM32F4xx_HAL_Driver/Src/stm32f4xx_hal.o
                                      0xbb614 (size before relaxing)
 .debug_str     0x00000000000c0bcc      0x36f ./Drivers/STM32F4xx_HAL_Driver/Src/stm32f4xx_hal_cortex.o
                                      0xbb347 (size before relaxing)

.comment        0x0000000000000000       0x50
 .comment       0x0000000000000000       0x50 ./Core/Src/main.o
                                         0x51 (size before relaxing)
 .comment       0x0000000000000050       0x51 ./Core/Src/stm32f4xx_hal_msp.o
 .comment       0x0000000000000050       0x51 ./Core/Src/stm32f4xx_it.o
 .comment       0x0000000000000050       0x51 ./Core/Src/system_stm32f4xx.o
 .comment       0x0000000000000050       0x51 ./Core/Src/usb_device.o
 .comment       0x0000000000000050       0x51 ./Core/Src/usbd_cdc_if.o
 .comment       0x0000000000000050       0x51 ./Core/Src/usbd_desc.o
 .comment       0x0000000000000050       0x51 ./Drivers/STM32F4xx_HAL_Driver/Src/stm32f4xx_hal.o
 .comment       0x0000000000000050       0x51 ./Drivers/STM32F4xx_HAL_Driver/Src/stm32f4xx_hal_cortex.o

.debug_frame    0x0000000000000000      0xcd0
 .debug_frame   0x0000000000000000       0x78 ./Core/Src/main.o
 .debug_frame   0x0000000000000078       0x38 ./Core/Src/stm32f4xx_hal_msp.o
 .debug_frame   0x00000000000000b0      0x104 ./Core/Src/stm32f4xx_it.o
 .debug_frame   0x00000000000001b4       0x58 ./Core/Src/system_stm32f4xx.o
 .debug_frame   0x000000000000020c       0x2c ./Core/Src/usb_device.o
 .debug_frame   0x0000000000000238      0x100 ./Core/Src/usbd_cdc_if.o
 .debug_frame   0x0000000000000338      0x160 ./Core/Src/usbd_desc.o
 .debug_frame   0x0000000000000498      0x374 ./Drivers/STM32F4xx_HAL_Driver/Src/stm32f4xx_hal.o
 .debug_frame   0x000000000000080c      0x498 ./Drivers/STM32F4xx_HAL_Driver/Src/stm32f4xx_hal_cortex.o
 .debug_frame   0x0000000000000ca4       0x2c c:/st/stm32cubeide_1.12.0/stm32cubeide/plugins/com.st.stm32cube.ide.mcu.externaltools.gnu-tools-for-stm32.10.3-2021.10.win32_1.0.200.202301161003/tools/bin/../lib/gcc/arm-none-eabi/10.3.1/../../../../arm-none-eabi/lib/thumb/v7e-m+fp/hard\libc_nano.a(lib_a-init.o)
